cmd : 'mvn' is not recognized as an internal or external command,
At line:1 char:1
+ cmd /c mvn -DskipTests -f "C:\EXE101\Group02_MentorLink\backend\pom.x ...
+ ~~~~~~~~~~~~~~~~~~~~~~~~~~~~~~~~~~~~~~~~~~~~~~~~~~~~~~~~~~~~~~~~~~~~~
    + CategoryInfo          : NotSpecified: ('mvn' is not re...ternal command,:String) [], RemoteExcept 
   ion
    + FullyQualifiedErrorId : NativeCommandError
 
operable program or batch file.
